
> agileagentcanvas@0.3.2 test
> cucumber-js

node.exe : Cannot use 'progress-bar' 
formatter for output to 'stdout' as not a 
TTY. Switching to 'progress' formatter.
At line:1 char:1
+ & "C:\Program 
Files\node-v24.11.1-win-x64/node.exe" 
"C:\Program Files ...
+ ~~~~~~~~~~~~~~~~~~~~~~~~~~~~~~~~~~~~~~~~~~~
~~~~~~~~~~~~~~~~~~~~~~~~~~
    + CategoryInfo          : NotSpecified:  
   (Cannot use 'pro...ess' formatter.:Strin  
  g) [], RemoteException
    + FullyQualifiedErrorId : NativeCommandE 
   rror
 
.............................................................................................................................................................................................................................................................................................................................................................................................................................................................................................................................................................................................................................................................................................................................................................................................................................................................................................................................U.....U.....U.....................................................U..................................................................................................................................................................................................................................................................................................................................................................................................................................................................................................................................................................................................................................................................................................................................F............................................................................................................................................................................................................................................................................................................................................................................................................................................................................................................................................................................................................................................................................................................................................................................................................................................................................................................................................................................................................................................................................................................................................................................................................................................................................................................................................................................................................................................................................................................................................................................................................................................................................................................................................................................................................................................................................................................................................

Failures:

1) Scenario: Tasks under stories are embedded in childBreakdown # features\artifact-transformer.feature:223
   ΓêÜ Before # features\support\hooks.ts:16
   ΓêÜ Given a fresh artifact transformer # features\step_definitions\artifact-transformer.steps.ts:72
   ΓêÜ Given the store has an epic with title "Epic" and a story with 3 tasks # features\step_definitions\artifact-transformer.steps.ts:316
   ΓêÜ When I build artifacts from the store # features\step_definitions\artifact-transformer.steps.ts:676
   ? Then the first "story" artifact childBreakdown should contain "task" items
       Undefined. Implement with the following snippet:

         Then('the first {string} artifact childBreakdown should contain {string} items', async function (string, string2) {
           // Write code here that turns the phrase above into concrete actions
           return 'pending';
         });

   ΓêÜ After # features\support\hooks.ts:21

2) Scenario: Completed task adds to completed count in childBreakdown # features\artifact-transformer.feature:229
   ΓêÜ Before # features\support\hooks.ts:16
   ΓêÜ Given a fresh artifact transformer # features\step_definitions\artifact-transformer.steps.ts:72
   ΓêÜ Given the store has an epic with title "Epic" and a story with a completed task # features\step_definitions\artifact-transformer.steps.ts:342
   ΓêÜ When I build artifacts from the store # features\step_definitions\artifact-transformer.steps.ts:676
   ? Then the first "story" artifact childBreakdown should contain "task" items
       Undefined. Implement with the following snippet:

         Then('the first {string} artifact childBreakdown should contain {string} items', async function (string, string2) {
           // Write code here that turns the phrase above into concrete actions
           return 'pending';
         });

   ΓêÜ After # features\support\hooks.ts:21

3) Scenario: Incomplete task adds to draft count in childBreakdown # features\artifact-transformer.feature:235
   ΓêÜ Before # features\support\hooks.ts:16
   ΓêÜ Given a fresh artifact transformer # features\step_definitions\artifact-transformer.steps.ts:72
   ΓêÜ Given the store has an epic with title "Epic" and a story with an incomplete task # features\step_definitions\artifact-transformer.steps.ts:360
   ΓêÜ When I build artifacts from the store # features\step_definitions\artifact-transformer.steps.ts:676
   ? Then the first "story" artifact childBreakdown should contain "task" items
       Undefined. Implement with the following snippet:

         Then('the first {string} artifact childBreakdown should contain {string} items', async function (string, string2) {
           // Write code here that turns the phrase above into concrete actions
           return 'pending';
         });

   ΓêÜ After # features\support\hooks.ts:21

4) Scenario: Story-linked test cases produce childBreakdown # features\artifact-transformer.feature:292
   ΓêÜ Before # features\support\hooks.ts:16
   ΓêÜ Given a fresh artifact transformer # features\step_definitions\artifact-transformer.steps.ts:72
   ΓêÜ Given the store has an epic with id "EPIC-1" and title "Epic" and 1 stories # features\step_definitions\artifact-transformer.steps.ts:263
   ΓêÜ And the store has 2 test cases linked to story "story-0-0" and epic "EPIC-1" # features\step_definitions\artifact-transformer.steps.ts:518
   ΓêÜ When I build artifacts from the store # features\step_definitions\artifact-transformer.steps.ts:676
   ? Then the first "story" artifact childBreakdown should contain "testcase" items
       Undefined. Implement with the following snippet:

         Then('the first {string} artifact childBreakdown should contain {string} items', async function (string, string2) {
           // Write code here that turns the phrase above into concrete actions
           return 'pending';
         });

   ΓêÜ After # features\support\hooks.ts:21

5) Scenario: Apply story refinements # features\chat-participant.feature:178
   ΓêÜ Before # features\support\hooks.ts:16
   ΓêÜ Given a fresh chat participant # features\step_definitions\chat-participant.steps.ts:131
   ΓêÜ Given the chat store has an epic with id "EPIC-1" and title "Test Epic" # features\step_definitions\chat-participant.steps.ts:161
   ΓêÜ And the chat store has refine context for story "STORY-1-1" with refinements # features\step_definitions\chat-participant.steps.ts:269
   ΓêÜ When I send a chat request with command "apply" and prompt "" # features\step_definitions\chat-participant.steps.ts:194
   ΓêÜ Then the markdown stream should contain "Applying Refinements" # features\step_definitions\chat-participant.steps.ts:232
   ΓêÜ And the markdown stream should contain "story" # features\step_definitions\chat-participant.steps.ts:232
   ├ù And the result metadata status should be "success" # features\step_definitions\chat-participant.steps.ts:245
       AssertionError [ERR_ASSERTION]: Expected status "success", got "error"

       'error' !== 'success'

           + expected - actual

           -error
           +success

           at BmadWorld.<anonymous> (D:\PersonalDev\AgileAgentCanvas\AgileAgentCanvasExt\features\step_definitions\chat-participant.steps.ts:246:10)
   ΓêÜ After # features\support\hooks.ts:21

516 scenarios (1 failed, 4 undefined, 511 passed)
2503 steps (1 failed, 4 undefined, 2498 passed)
0m38.552s (executing steps: 0m38.070s)
