
> agileagentcanvas@0.3.2 test
> cucumber-js

.............................................................................................................................................................................................................................................................................................................................................................................................................................................................................................................................................................................................................................................................................................................................................................................................................................................................................................................................F-.....F.....F.....................................................F--.....................F---......F......F..............................................................................................................................................................................................................................................................................................................................................................................................................................................................................................................................................................................................................................................................................................F............................................................................................................................................................................................................................................................................................................................................................................................................................................................................................................................................................................................................................................................................................................................................................................................................................................................................................................................................................................................................................................................................................................................................................................................................................................................................................................................................................................................................................................................................................................................................................................................................................................................................................................................................................................................................................................................................................................................................

Failures:

1) Scenario: Tasks under stories produce task cards # features\artifact-transformer.feature:223
   ΓêÜ Before # features\support\hooks.ts:16
   ΓêÜ Given a fresh artifact transformer # features\step_definitions\artifact-transformer.steps.ts:72
   ΓêÜ Given the store has an epic with title "Epic" and a story with 3 tasks # features\step_definitions\artifact-transformer.steps.ts:316
   ΓêÜ When I build artifacts from the store # features\step_definitions\artifact-transformer.steps.ts:676
   ├ù Then the artifacts should contain type "task" # features\step_definitions\artifact-transformer.steps.ts:819
       AssertionError [ERR_ASSERTION]: Expected artifacts to contain type "task". Types present: epic, story
           + expected - actual

           -false
           +true

           at BmadWorld.<anonymous> (D:\PersonalDev\AgileAgentCanvas\AgileAgentCanvasExt\features\step_definitions\artifact-transformer.steps.ts:822:12)
   - And the artifact count for type "task" should be 3 # features\step_definitions\artifact-transformer.steps.ts:825
   ΓêÜ After # features\support\hooks.ts:21

2) Scenario: Completed task gets status "complete" # features\artifact-transformer.feature:230
   ΓêÜ Before # features\support\hooks.ts:16
   ΓêÜ Given a fresh artifact transformer # features\step_definitions\artifact-transformer.steps.ts:72
   ΓêÜ Given the store has an epic with title "Epic" and a story with a completed task # features\step_definitions\artifact-transformer.steps.ts:342
   ΓêÜ When I build artifacts from the store # features\step_definitions\artifact-transformer.steps.ts:676
   ├ù Then the first "task" artifact should have status "complete" # features\step_definitions\artifact-transformer.steps.ts:854
       AssertionError [ERR_ASSERTION]: No artifact found with type "task". Available types: epic, story
           at findFirstOfType (D:\PersonalDev\AgileAgentCanvas\AgileAgentCanvasExt\features\step_definitions\artifact-transformer.steps.ts:57:12)
           at BmadWorld.<anonymous> (D:\PersonalDev\AgileAgentCanvas\AgileAgentCanvasExt\features\step_definitions\artifact-transformer.steps.ts:856:22)
   ΓêÜ After # features\support\hooks.ts:21

3) Scenario: Incomplete task gets status "draft" # features\artifact-transformer.feature:236
   ΓêÜ Before # features\support\hooks.ts:16
   ΓêÜ Given a fresh artifact transformer # features\step_definitions\artifact-transformer.steps.ts:72
   ΓêÜ Given the store has an epic with title "Epic" and a story with an incomplete task # features\step_definitions\artifact-transformer.steps.ts:360
   ΓêÜ When I build artifacts from the store # features\step_definitions\artifact-transformer.steps.ts:676
   ├ù Then the first "task" artifact should have status "draft" # features\step_definitions\artifact-transformer.steps.ts:854
       AssertionError [ERR_ASSERTION]: No artifact found with type "task". Available types: epic, story
           at findFirstOfType (D:\PersonalDev\AgileAgentCanvas\AgileAgentCanvasExt\features\step_definitions\artifact-transformer.steps.ts:57:12)
           at BmadWorld.<anonymous> (D:\PersonalDev\AgileAgentCanvas\AgileAgentCanvasExt\features\step_definitions\artifact-transformer.steps.ts:856:22)
   ΓêÜ After # features\support\hooks.ts:21

4) Scenario: Story-linked test cases produce a test-coverage card under the story # features\artifact-transformer.feature:293
   ΓêÜ Before # features\support\hooks.ts:16
   ΓêÜ Given a fresh artifact transformer # features\step_definitions\artifact-transformer.steps.ts:72
   ΓêÜ Given the store has an epic with id "EPIC-1" and title "Epic" and 1 stories # features\step_definitions\artifact-transformer.steps.ts:263
   ΓêÜ And the store has 2 test cases linked to story "story-0-0" and epic "EPIC-1" # features\step_definitions\artifact-transformer.steps.ts:518
   ΓêÜ When I build artifacts from the store # features\step_definitions\artifact-transformer.steps.ts:676
   ├ù Then the artifacts should contain type "test-coverage" # features\step_definitions\artifact-transformer.steps.ts:819
       AssertionError [ERR_ASSERTION]: Expected artifacts to contain type "test-coverage". Types present: epic, story
           + expected - actual

           -false
           +true

           at BmadWorld.<anonymous> (D:\PersonalDev\AgileAgentCanvas\AgileAgentCanvasExt\features\step_definitions\artifact-transformer.steps.ts:822:12)
   - And artifact "TC-COV-story-0-0" should have type "test-coverage" # features\step_definitions\artifact-transformer.steps.ts:697
   - And artifact "TC-COV-story-0-0" parentId should be "story-0-0" # features\step_definitions\artifact-transformer.steps.ts:743
   ΓêÜ After # features\support\hooks.ts:21

5) Scenario: Test coverage status reflects pass/fail counts # features\artifact-transformer.feature:317
   ΓêÜ Before # features\support\hooks.ts:16
   ΓêÜ Given a fresh artifact transformer # features\step_definitions\artifact-transformer.steps.ts:72
   ΓêÜ Given the store has an epic with id "EPIC-1" and title "Epic" and 1 stories # features\step_definitions\artifact-transformer.steps.ts:263
   ΓêÜ And the store has test cases for story "story-0-0" with statuses "passed", "failed", "draft" # features\step_definitions\artifact-transformer.steps.ts:561
   ΓêÜ When I build artifacts from the store # features\step_definitions\artifact-transformer.steps.ts:676
   ├ù Then artifact "TC-COV-story-0-0" metadata passCount should be 1 # features\step_definitions\artifact-transformer.steps.ts:799
       AssertionError [ERR_ASSERTION]: No artifact found with id "TC-COV-story-0-0". Available: EPIC-1, story-0-0
           at findArtifact (D:\PersonalDev\AgileAgentCanvas\AgileAgentCanvasExt\features\step_definitions\artifact-transformer.steps.ts:50:12)
           at BmadWorld.<anonymous> (D:\PersonalDev\AgileAgentCanvas\AgileAgentCanvasExt\features\step_definitions\artifact-transformer.steps.ts:801:22)
   - And artifact "TC-COV-story-0-0" metadata failCount should be 1 # features\step_definitions\artifact-transformer.steps.ts:805
   - And artifact "TC-COV-story-0-0" metadata draftCount should be 1 # features\step_definitions\artifact-transformer.steps.ts:811
   - And artifact "TC-COV-story-0-0" should have status "blocked" # features\step_definitions\artifact-transformer.steps.ts:709
   ΓêÜ After # features\support\hooks.ts:21

6) Scenario: All-passing test coverage gets status complete # features\artifact-transformer.feature:327
   ΓêÜ Before # features\support\hooks.ts:16
   ΓêÜ Given a fresh artifact transformer # features\step_definitions\artifact-transformer.steps.ts:72
   ΓêÜ Given the store has an epic with id "EPIC-1" and title "Epic" and 1 stories # features\step_definitions\artifact-transformer.steps.ts:263
   ΓêÜ And the store has test cases for story "story-0-0" with statuses "passed", "completed" # features\step_definitions\artifact-transformer.steps.ts:577
   ΓêÜ When I build artifacts from the store # features\step_definitions\artifact-transformer.steps.ts:676
   ├ù Then artifact "TC-COV-story-0-0" should have status "complete" # features\step_definitions\artifact-transformer.steps.ts:709
       AssertionError [ERR_ASSERTION]: No artifact found with id "TC-COV-story-0-0". Available: EPIC-1, story-0-0
           at findArtifact (D:\PersonalDev\AgileAgentCanvas\AgileAgentCanvasExt\features\step_definitions\artifact-transformer.steps.ts:50:12)
           at BmadWorld.<anonymous> (D:\PersonalDev\AgileAgentCanvas\AgileAgentCanvasExt\features\step_definitions\artifact-transformer.steps.ts:711:22)
   ΓêÜ After # features\support\hooks.ts:21

7) Scenario: All-draft test coverage gets status draft # features\artifact-transformer.feature:334
   ΓêÜ Before # features\support\hooks.ts:16
   ΓêÜ Given a fresh artifact transformer # features\step_definitions\artifact-transformer.steps.ts:72
   ΓêÜ Given the store has an epic with id "EPIC-1" and title "Epic" and 1 stories # features\step_definitions\artifact-transformer.steps.ts:263
   ΓêÜ And the store has test cases for story "story-0-0" with statuses "draft", "draft" # features\step_definitions\artifact-transformer.steps.ts:577
   ΓêÜ When I build artifacts from the store # features\step_definitions\artifact-transformer.steps.ts:676
   ├ù Then artifact "TC-COV-story-0-0" should have status "draft" # features\step_definitions\artifact-transformer.steps.ts:709
       AssertionError [ERR_ASSERTION]: No artifact found with id "TC-COV-story-0-0". Available: EPIC-1, story-0-0
           at findArtifact (D:\PersonalDev\AgileAgentCanvas\AgileAgentCanvasExt\features\step_definitions\artifact-transformer.steps.ts:50:12)
           at BmadWorld.<anonymous> (D:\PersonalDev\AgileAgentCanvas\AgileAgentCanvasExt\features\step_definitions\artifact-transformer.steps.ts:711:22)
   ΓêÜ After # features\support\hooks.ts:21

8) Scenario: Apply story refinements # features\chat-participant.feature:178
   ΓêÜ Before # features\support\hooks.ts:16
   ΓêÜ Given a fresh chat participant # features\step_definitions\chat-participant.steps.ts:131
   ΓêÜ Given the chat store has an epic with id "EPIC-1" and title "Test Epic" # features\step_definitions\chat-participant.steps.ts:161
   ΓêÜ And the chat store has refine context for story "STORY-1-1" with refinements # features\step_definitions\chat-participant.steps.ts:269
   ΓêÜ When I send a chat request with command "apply" and prompt "" # features\step_definitions\chat-participant.steps.ts:194
   ΓêÜ Then the markdown stream should contain "Applying Refinements" # features\step_definitions\chat-participant.steps.ts:232
   ΓêÜ And the markdown stream should contain "story" # features\step_definitions\chat-participant.steps.ts:232
   ├ù And the result metadata status should be "success" # features\step_definitions\chat-participant.steps.ts:245
       AssertionError [ERR_ASSERTION]: Expected status "success", got "error"

       'error' !== 'success'

           + expected - actual

           -error
           +success

           at BmadWorld.<anonymous> (D:\PersonalDev\AgileAgentCanvas\AgileAgentCanvasExt\features\step_definitions\chat-participant.steps.ts:246:10)
   ΓêÜ After # features\support\hooks.ts:21

516 scenarios (8 failed, 508 passed)
2509 steps (8 failed, 6 skipped, 2495 passed)
0m39.400s (executing steps: 0m38.903s)
